============================= test session starts ==============================
platform darwin -- Python 3.14.4, pytest-9.0.3, pluggy-1.6.0 -- /Users/sterlingsuman/.gemini/antigravity/scratch/lead-autopilot/.venv/bin/python
cachedir: .pytest_cache
rootdir: /Users/sterlingsuman/.gemini/antigravity/scratch/lead-autopilot
plugins: asyncio-1.3.0, anyio-4.13.0
asyncio: mode=Mode.STRICT, debug=False, asyncio_default_fixture_loop_scope=None, asyncio_default_test_loop_scope=function
collecting ... collected 63 items

backend/services/test_confidence_assigner.py::test_assign_confidence_high PASSED [  1%]
backend/services/test_confidence_assigner.py::test_assign_confidence_medium PASSED [  3%]
backend/services/test_confidence_assigner.py::test_assign_confidence_low PASSED [  4%]
backend/services/test_confidence_assigner.py::test_threshold_inclusive PASSED [  6%]
backend/services/test_error_categorizer.py::TestErrorCategorizerService::test_categorize_input_validation_error PASSED [  7%]
backend/services/test_error_categorizer.py::TestErrorCategorizerService::test_categorize_scraping_blocked_error PASSED [  9%]
backend/services/test_error_categorizer.py::TestErrorCategorizerService::test_categorize_scraping_timeout_error PASSED [ 11%]
backend/services/test_error_categorizer.py::TestErrorCategorizerService::test_categorize_ai_timeout_error PASSED [ 12%]
backend/services/test_error_categorizer.py::TestErrorCategorizerService::test_categorize_ai_invalid_response_error PASSED [ 14%]
backend/services/test_error_categorizer.py::TestErrorCategorizerService::test_categorize_pdf_rendering_error PASSED [ 15%]
backend/services/test_error_categorizer.py::TestErrorCategorizerService::test_categorize_email_smtp_error PASSED [ 17%]
backend/services/test_error_categorizer.py::TestErrorCategorizerService::test_categorize_rate_limit_error PASSED [ 19%]
backend/services/test_error_categorizer.py::TestErrorCategorizerService::test_categorize_api_unavailable_error PASSED [ 20%]
backend/services/test_error_categorizer.py::TestErrorCategorizerService::test_categorize_circuit_breaker_error PASSED [ 22%]
backend/services/test_error_categorizer.py::TestErrorCategorizerService::test_categorize_unknown_error PASSED [ 23%]
backend/services/test_error_categorizer.py::TestErrorCategorizerService::test_user_message_is_professional PASSED [ 25%]
backend/services/test_error_categorizer.py::TestErrorCategorizerService::test_all_categories_have_user_messages PASSED [ 26%]
backend/services/test_error_categorizer.py::TestErrorCategorizerService::test_user_messages_avoid_negative_language PASSED [ 28%]
backend/services/test_error_categorizer.py::TestErrorCategorizerService::test_all_categories_have_recovery_actions PASSED [ 30%]
backend/services/test_error_categorizer.py::TestErrorCategorizerService::test_recovery_actions_are_actionable PASSED [ 31%]
backend/services/test_error_categorizer.py::TestErrorCategorizerService::test_error_event_has_unique_id PASSED [ 33%]
backend/services/test_error_categorizer.py::TestErrorCategorizerService::test_error_event_includes_timestamp PASSED [ 34%]
backend/services/test_error_categorizer.py::TestErrorCategorizerService::test_error_event_tracks_retry_attempts PASSED [ 36%]
backend/services/test_error_categorizer.py::TestErrorCategorizerService::test_error_event_includes_technical_details PASSED [ 38%]
backend/services/test_error_categorizer.py::TestErrorCategorizerService::test_categorize_with_empty_error_message PASSED [ 39%]
backend/services/test_error_categorizer.py::TestErrorCategorizerService::test_categorize_with_none_additional_context PASSED [ 41%]
backend/services/test_error_categorizer.py::TestErrorCategorizerService::test_multiple_error_indicators_in_message PASSED [ 42%]
backend/services/test_error_categorizer.py::TestErrorCategorizerService::test_case_insensitive_error_matching PASSED [ 44%]
backend/services/test_error_categorizer.py::TestErrorCategorizerService::test_full_error_lifecycle PASSED [ 46%]
backend/services/test_error_categorizer.py::TestErrorCategorizerService::test_error_event_serialization PASSED [ 47%]
backend/services/test_quality_scorer.py::test_weights_sum_to_one PASSED  [ 49%]
backend/services/test_quality_scorer.py::test_score_scraped_data_empty PASSED [ 50%]
backend/services/test_quality_scorer.py::test_score_scraped_data_partial PASSED [ 52%]
backend/services/test_quality_scorer.py::test_score_scraped_data_full PASSED [ 53%]
backend/services/test_quality_scorer.py::test_score_ai_analysis_empty PASSED [ 55%]
backend/services/test_quality_scorer.py::test_score_ai_analysis_partial PASSED [ 57%]
backend/services/test_quality_scorer.py::test_score_ai_analysis_full PASSED [ 58%]
backend/services/test_quality_scorer.py::test_score_web_search_empty PASSED [ 60%]
backend/services/test_quality_scorer.py::test_score_web_search_full PASSED [ 61%]
backend/services/test_quality_scorer.py::test_calculate_score_composite PASSED [ 63%]
backend/services/test_quality_scorer.py::test_calculate_score_all_empty PASSED [ 65%]
backend/test_features.py::test_rate_limiting FAILED                      [ 66%]
backend/test_features.py::test_pipeline_and_db FAILED                    [ 68%]
backend/utils/test_circuit_breaker.py::test_successful_call_remains_closed PASSED [ 69%]
backend/utils/test_circuit_breaker.py::test_failure_increases_count PASSED [ 71%]
backend/utils/test_circuit_breaker.py::test_trips_to_open PASSED         [ 73%]
backend/utils/test_circuit_breaker.py::test_half_open_transition PASSED  [ 74%]
backend/utils/test_circuit_breaker.py::test_half_open_failure_returns_to_open PASSED [ 76%]
backend/utils/test_circuit_breaker.py::test_manual_force PASSED          [ 77%]
backend/utils/test_circuit_breaker.py::test_registry PASSED              [ 79%]
backend/utils/test_retry.py::test_retry_success_on_first_try PASSED      [ 80%]
backend/utils/test_retry.py::test_retry_success_after_failures PASSED    [ 82%]
backend/utils/test_retry.py::test_retry_max_retries_exceeded PASSED      [ 84%]
backend/utils/test_retry.py::test_non_retryable_exception PASSED         [ 85%]
backend/utils/test_retry.py::test_non_retryable_wrapper PASSED           [ 87%]
backend/utils/test_retry.py::test_retry_after_header PASSED              [ 88%]
backend/utils/test_retry.py::test_with_retry_decorator PASSED            [ 90%]
backend/utils/test_timeout.py::test_execute_with_timeout_success PASSED  [ 92%]
backend/utils/test_timeout.py::test_execute_with_timeout_fails PASSED    [ 93%]
backend/utils/test_timeout.py::test_timeout_context_success PASSED       [ 95%]
backend/utils/test_timeout.py::test_timeout_context_fails PASSED         [ 96%]
backend/utils/test_timeout.py::test_with_timeout_decorator PASSED        [ 98%]
backend/utils/test_timeout.py::test_env_var_override PASSED              [100%]

=================================== FAILURES ===================================
______________________________ test_rate_limiting ______________________________

self = <redis.connection.Connection(host=localhost,port=6379,db=0)>
check_health = True, retry_socket_connect = False

    def connect_check_health(
        self, check_health: bool = True, retry_socket_connect: bool = True
    ):
        if self._sock:
            return
        # Track actual retry attempts for error reporting
        actual_retry_attempts = [0]
    
        def failure_callback(error, failure_count):
            actual_retry_attempts[0] = failure_count
            self.disconnect(error=error, failure_count=failure_count)
    
        try:
            if retry_socket_connect:
                sock = self.retry.call_with_retry(
                    self._connect,
                    failure_callback,
                    with_failure_count=True,
                )
            else:
>               sock = self._connect()
                       ^^^^^^^^^^^^^^^

.venv/lib/python3.14/site-packages/redis/connection.py:1003: 
_ _ _ _ _ _ _ _ _ _ _ _ _ _ _ _ _ _ _ _ _ _ _ _ _ _ _ _ _ _ _ _ _ _ _ _ _ _ _ _ 
.venv/lib/python3.14/site-packages/redis/connection.py:1515: in _connect
    raise err
_ _ _ _ _ _ _ _ _ _ _ _ _ _ _ _ _ _ _ _ _ _ _ _ _ _ _ _ _ _ _ _ _ _ _ _ _ _ _ _ 

self = <redis.connection.Connection(host=localhost,port=6379,db=0)>

    def _connect(self):
        "Create a TCP socket connection"
        # we want to mimic what socket.create_connection does to support
        # ipv4/ipv6, but we want to set options prior to calling
        # socket.connect()
        err = None
    
        for res in socket.getaddrinfo(
            self.host, self.port, self.socket_type, socket.SOCK_STREAM
        ):
            family, socktype, proto, canonname, socket_address = res
            sock = None
            try:
                sock = socket.socket(family, socktype, proto)
                # TCP_NODELAY
                sock.setsockopt(socket.IPPROTO_TCP, socket.TCP_NODELAY, 1)
    
                # TCP_KEEPALIVE
                if self.socket_keepalive:
                    sock.setsockopt(socket.SOL_SOCKET, socket.SO_KEEPALIVE, 1)
                    for k, v in self.socket_keepalive_options.items():
                        sock.setsockopt(socket.IPPROTO_TCP, k, v)
    
                # set the socket_connect_timeout before we connect
                sock.settimeout(self.socket_connect_timeout)
    
                # connect
>               sock.connect(socket_address)
E               ConnectionRefusedError: [Errno 61] Connection refused

.venv/lib/python3.14/site-packages/redis/connection.py:1499: ConnectionRefusedError

During handling of the above exception, another exception occurred:

self = <celery.backends.redis.ResultConsumer object at 0x110d312b0>

    @contextmanager
    def reconnect_on_error(self):
        try:
>           yield

.venv/lib/python3.14/site-packages/celery/backends/redis.py:127: 
_ _ _ _ _ _ _ _ _ _ _ _ _ _ _ _ _ _ _ _ _ _ _ _ _ _ _ _ _ _ _ _ _ _ _ _ _ _ _ _ 
.venv/lib/python3.14/site-packages/celery/backends/redis.py:177: in _consume_from
    self._pubsub.subscribe(key)
.venv/lib/python3.14/site-packages/redis/client.py:1265: in subscribe
    ret_val = self.execute_command("SUBSCRIBE", *new_channels.keys())
              ^^^^^^^^^^^^^^^^^^^^^^^^^^^^^^^^^^^^^^^^^^^^^^^^^^^^^^^
.venv/lib/python3.14/site-packages/redis/client.py:1023: in execute_command
    self.connection = self.connection_pool.get_connection()
                      ^^^^^^^^^^^^^^^^^^^^^^^^^^^^^^^^^^^^^
.venv/lib/python3.14/site-packages/redis/utils.py:236: in wrapper
    return func(*args, **kwargs)
           ^^^^^^^^^^^^^^^^^^^^^
.venv/lib/python3.14/site-packages/redis/connection.py:3041: in get_connection
    connection.connect()
.venv/lib/python3.14/site-packages/redis/connection.py:976: in connect
    self.retry.call_with_retry(
.venv/lib/python3.14/site-packages/redis/retry.py:132: in call_with_retry
    raise error
.venv/lib/python3.14/site-packages/redis/retry.py:120: in call_with_retry
    return do()
           ^^^^
.venv/lib/python3.14/site-packages/redis/connection.py:977: in <lambda>
    lambda: self.connect_check_health(
_ _ _ _ _ _ _ _ _ _ _ _ _ _ _ _ _ _ _ _ _ _ _ _ _ _ _ _ _ _ _ _ _ _ _ _ _ _ _ _ 

self = <redis.connection.Connection(host=localhost,port=6379,db=0)>
check_health = True, retry_socket_connect = False

    def connect_check_health(
        self, check_health: bool = True, retry_socket_connect: bool = True
    ):
        if self._sock:
            return
        # Track actual retry attempts for error reporting
        actual_retry_attempts = [0]
    
        def failure_callback(error, failure_count):
            actual_retry_attempts[0] = failure_count
            self.disconnect(error=error, failure_count=failure_count)
    
        try:
            if retry_socket_connect:
                sock = self.retry.call_with_retry(
                    self._connect,
                    failure_callback,
                    with_failure_count=True,
                )
            else:
                sock = self._connect()
        except socket.timeout:
            e = TimeoutError("Timeout connecting to server")
            record_error_count(
                server_address=self.host,
                server_port=self.port,
                network_peer_address=self.host,
                network_peer_port=self.port,
                error_type=e,
                retry_attempts=actual_retry_attempts[0],
            )
            raise e
        except OSError as e:
            e = ConnectionError(self._error_message(e))
            record_error_count(
                server_address=getattr(self, "host", None),
                server_port=getattr(self, "port", None),
                network_peer_address=getattr(self, "host", None),
                network_peer_port=getattr(self, "port", None),
                error_type=e,
                retry_attempts=actual_retry_attempts[0],
            )
>           raise e
E           redis.exceptions.ConnectionError: Error 61 connecting to localhost:6379. Connection refused.

.venv/lib/python3.14/site-packages/redis/connection.py:1025: ConnectionError

During handling of the above exception, another exception occurred:

self = <redis.connection.Connection(host=localhost,port=6379,db=0)>
check_health = True, retry_socket_connect = False

    def connect_check_health(
        self, check_health: bool = True, retry_socket_connect: bool = True
    ):
        if self._sock:
            return
        # Track actual retry attempts for error reporting
        actual_retry_attempts = [0]
    
        def failure_callback(error, failure_count):
            actual_retry_attempts[0] = failure_count
            self.disconnect(error=error, failure_count=failure_count)
    
        try:
            if retry_socket_connect:
                sock = self.retry.call_with_retry(
                    self._connect,
                    failure_callback,
                    with_failure_count=True,
                )
            else:
>               sock = self._connect()
                       ^^^^^^^^^^^^^^^

.venv/lib/python3.14/site-packages/redis/connection.py:1003: 
_ _ _ _ _ _ _ _ _ _ _ _ _ _ _ _ _ _ _ _ _ _ _ _ _ _ _ _ _ _ _ _ _ _ _ _ _ _ _ _ 
.venv/lib/python3.14/site-packages/redis/connection.py:1515: in _connect
    raise err
_ _ _ _ _ _ _ _ _ _ _ _ _ _ _ _ _ _ _ _ _ _ _ _ _ _ _ _ _ _ _ _ _ _ _ _ _ _ _ _ 

self = <redis.connection.Connection(host=localhost,port=6379,db=0)>

    def _connect(self):
        "Create a TCP socket connection"
        # we want to mimic what socket.create_connection does to support
        # ipv4/ipv6, but we want to set options prior to calling
        # socket.connect()
        err = None
    
        for res in socket.getaddrinfo(
            self.host, self.port, self.socket_type, socket.SOCK_STREAM
        ):
            family, socktype, proto, canonname, socket_address = res
            sock = None
            try:
                sock = socket.socket(family, socktype, proto)
                # TCP_NODELAY
                sock.setsockopt(socket.IPPROTO_TCP, socket.TCP_NODELAY, 1)
    
                # TCP_KEEPALIVE
                if self.socket_keepalive:
                    sock.setsockopt(socket.SOL_SOCKET, socket.SO_KEEPALIVE, 1)
                    for k, v in self.socket_keepalive_options.items():
                        sock.setsockopt(socket.IPPROTO_TCP, k, v)
    
                # set the socket_connect_timeout before we connect
                sock.settimeout(self.socket_connect_timeout)
    
                # connect
>               sock.connect(socket_address)
E               ConnectionRefusedError: [Errno 61] Connection refused

.venv/lib/python3.14/site-packages/redis/connection.py:1499: ConnectionRefusedError

During handling of the above exception, another exception occurred:

self = <Connection: redis://localhost:6379/0 at 0x110c07620>
ConnectionError = <class 'kombu.exceptions.OperationalError'>
ChannelError = <class 'kombu.exceptions.OperationalError'>

    @contextmanager
    def _reraise_as_library_errors(
            self,
            ConnectionError=exceptions.OperationalError,
            ChannelError=exceptions.OperationalError):
        try:
>           yield

.venv/lib/python3.14/site-packages/kombu/connection.py:474: 
_ _ _ _ _ _ _ _ _ _ _ _ _ _ _ _ _ _ _ _ _ _ _ _ _ _ _ _ _ _ _ _ _ _ _ _ _ _ _ _ 
.venv/lib/python3.14/site-packages/celery/app/base.py:800: in send_task
    self.backend.on_task_call(P, task_id)
.venv/lib/python3.14/site-packages/celery/backends/redis.py:373: in on_task_call
    self.result_consumer.consume_from(task_id)
.venv/lib/python3.14/site-packages/celery/backends/redis.py:169: in consume_from
    return self.start(task_id)
           ^^^^^^^^^^^^^^^^^^^
.venv/lib/python3.14/site-packages/celery/backends/redis.py:147: in start
    self._consume_from(initial_task_id)
.venv/lib/python3.14/site-packages/celery/backends/redis.py:176: in _consume_from
    with self.reconnect_on_error():
         ^^^^^^^^^^^^^^^^^^^^^^^^^
/opt/homebrew/Cellar/python@3.14/3.14.4/Frameworks/Python.framework/Versions/3.14/lib/python3.14/contextlib.py:162: in __exit__
    self.gen.throw(value)
.venv/lib/python3.14/site-packages/celery/backends/redis.py:130: in reconnect_on_error
    self._ensure(self._reconnect_pubsub, ())
.venv/lib/python3.14/site-packages/celery/backends/redis.py:384: in ensure
    return retry_over_time(
.venv/lib/python3.14/site-packages/kombu/utils/functional.py:318: in retry_over_time
    return fun(*args, **kwargs)
           ^^^^^^^^^^^^^^^^^^^^
.venv/lib/python3.14/site-packages/celery/backends/redis.py:106: in _reconnect_pubsub
    metas = self.backend.client.mget(self.subscribed_to)
            ^^^^^^^^^^^^^^^^^^^^^^^^^^^^^^^^^^^^^^^^^^^^
.venv/lib/python3.14/site-packages/redis/commands/core.py:2241: in mget
    return self.execute_command("MGET", *args, **options)
           ^^^^^^^^^^^^^^^^^^^^^^^^^^^^^^^^^^^^^^^^^^^^^^
.venv/lib/python3.14/site-packages/redis/client.py:716: in execute_command
    return self._execute_command(*args, **options)
           ^^^^^^^^^^^^^^^^^^^^^^^^^^^^^^^^^^^^^^^
.venv/lib/python3.14/site-packages/redis/client.py:722: in _execute_command
    conn = self.connection or pool.get_connection()
                              ^^^^^^^^^^^^^^^^^^^^^
.venv/lib/python3.14/site-packages/redis/utils.py:236: in wrapper
    return func(*args, **kwargs)
           ^^^^^^^^^^^^^^^^^^^^^
.venv/lib/python3.14/site-packages/redis/connection.py:3041: in get_connection
    connection.connect()
.venv/lib/python3.14/site-packages/redis/connection.py:976: in connect
    self.retry.call_with_retry(
.venv/lib/python3.14/site-packages/redis/retry.py:132: in call_with_retry
    raise error
.venv/lib/python3.14/site-packages/redis/retry.py:120: in call_with_retry
    return do()
           ^^^^
.venv/lib/python3.14/site-packages/redis/connection.py:977: in <lambda>
    lambda: self.connect_check_health(
_ _ _ _ _ _ _ _ _ _ _ _ _ _ _ _ _ _ _ _ _ _ _ _ _ _ _ _ _ _ _ _ _ _ _ _ _ _ _ _ 

self = <redis.connection.Connection(host=localhost,port=6379,db=0)>
check_health = True, retry_socket_connect = False

    def connect_check_health(
        self, check_health: bool = True, retry_socket_connect: bool = True
    ):
        if self._sock:
            return
        # Track actual retry attempts for error reporting
        actual_retry_attempts = [0]
    
        def failure_callback(error, failure_count):
            actual_retry_attempts[0] = failure_count
            self.disconnect(error=error, failure_count=failure_count)
    
        try:
            if retry_socket_connect:
                sock = self.retry.call_with_retry(
                    self._connect,
                    failure_callback,
                    with_failure_count=True,
                )
            else:
                sock = self._connect()
        except socket.timeout:
            e = TimeoutError("Timeout connecting to server")
            record_error_count(
                server_address=self.host,
                server_port=self.port,
                network_peer_address=self.host,
                network_peer_port=self.port,
                error_type=e,
                retry_attempts=actual_retry_attempts[0],
            )
            raise e
        except OSError as e:
            e = ConnectionError(self._error_message(e))
            record_error_count(
                server_address=getattr(self, "host", None),
                server_port=getattr(self, "port", None),
                network_peer_address=getattr(self, "host", None),
                network_peer_port=getattr(self, "port", None),
                error_type=e,
                retry_attempts=actual_retry_attempts[0],
            )
>           raise e
E           redis.exceptions.ConnectionError: Error 61 connecting to localhost:6379. Connection refused.

.venv/lib/python3.14/site-packages/redis/connection.py:1025: ConnectionError

The above exception was the direct cause of the following exception:

    def test_rate_limiting():
        print("\n--- Testing Feature 4: Rate Limiting ---")
        # Endpoint is limited to 5/hour
        lead_data = {
            "name": "Rate Limiter",
            "email": "rate@example.com",
            "company": "Fast Corp",
            "website": "https://fast.com",
            "industry": "Tech",
            "company_size": "1",
            "message": ""
        }
    
        success_count = 0
        rate_limited = False
    
        for i in range(7):
>           response = client.post("/api/leads", json=lead_data)
                       ^^^^^^^^^^^^^^^^^^^^^^^^^^^^^^^^^^^^^^^^^

backend/test_features.py:48: 
_ _ _ _ _ _ _ _ _ _ _ _ _ _ _ _ _ _ _ _ _ _ _ _ _ _ _ _ _ _ _ _ _ _ _ _ _ _ _ _ 
.venv/lib/python3.14/site-packages/starlette/testclient.py:546: in post
    return super().post(
.venv/lib/python3.14/site-packages/httpx/_client.py:1144: in post
    return self.request(
.venv/lib/python3.14/site-packages/starlette/testclient.py:445: in request
    return super().request(
.venv/lib/python3.14/site-packages/httpx/_client.py:825: in request
    return self.send(request, auth=auth, follow_redirects=follow_redirects)
           ^^^^^^^^^^^^^^^^^^^^^^^^^^^^^^^^^^^^^^^^^^^^^^^^^^^^^^^^^^^^^^^^
.venv/lib/python3.14/site-packages/httpx/_client.py:914: in send
    response = self._send_handling_auth(
.venv/lib/python3.14/site-packages/httpx/_client.py:942: in _send_handling_auth
    response = self._send_handling_redirects(
.venv/lib/python3.14/site-packages/httpx/_client.py:979: in _send_handling_redirects
    response = self._send_single_request(request)
               ^^^^^^^^^^^^^^^^^^^^^^^^^^^^^^^^^^
.venv/lib/python3.14/site-packages/httpx/_client.py:1014: in _send_single_request
    response = transport.handle_request(request)
               ^^^^^^^^^^^^^^^^^^^^^^^^^^^^^^^^^
.venv/lib/python3.14/site-packages/starlette/testclient.py:348: in handle_request
    raise exc
.venv/lib/python3.14/site-packages/starlette/testclient.py:345: in handle_request
    portal.call(self.app, scope, receive, send)
.venv/lib/python3.14/site-packages/anyio/from_thread.py:334: in call
    return cast(T_Retval, self.start_task_soon(func, *args).result())
                          ^^^^^^^^^^^^^^^^^^^^^^^^^^^^^^^^^^^^^^^^^^
/opt/homebrew/Cellar/python@3.14/3.14.4/Frameworks/Python.framework/Versions/3.14/lib/python3.14/concurrent/futures/_base.py:450: in result
    return self.__get_result()
           ^^^^^^^^^^^^^^^^^^^
/opt/homebrew/Cellar/python@3.14/3.14.4/Frameworks/Python.framework/Versions/3.14/lib/python3.14/concurrent/futures/_base.py:395: in __get_result
    raise self._exception
.venv/lib/python3.14/site-packages/anyio/from_thread.py:259: in _call_func
    retval = await retval_or_awaitable
             ^^^^^^^^^^^^^^^^^^^^^^^^^
.venv/lib/python3.14/site-packages/fastapi/applications.py:1159: in __call__
    await super().__call__(scope, receive, send)
.venv/lib/python3.14/site-packages/starlette/applications.py:90: in __call__
    await self.middleware_stack(scope, receive, send)
.venv/lib/python3.14/site-packages/starlette/middleware/errors.py:186: in __call__
    raise exc
.venv/lib/python3.14/site-packages/starlette/middleware/errors.py:164: in __call__
    await self.app(scope, receive, _send)
.venv/lib/python3.14/site-packages/starlette/middleware/cors.py:88: in __call__
    await self.app(scope, receive, send)
.venv/lib/python3.14/site-packages/starlette/middleware/exceptions.py:63: in __call__
    await wrap_app_handling_exceptions(self.app, conn)(scope, receive, send)
.venv/lib/python3.14/site-packages/starlette/_exception_handler.py:53: in wrapped_app
    raise exc
.venv/lib/python3.14/site-packages/starlette/_exception_handler.py:42: in wrapped_app
    await app(scope, receive, sender)
.venv/lib/python3.14/site-packages/fastapi/middleware/asyncexitstack.py:18: in __call__
    await self.app(scope, receive, send)
.venv/lib/python3.14/site-packages/starlette/routing.py:660: in __call__
    await self.middleware_stack(scope, receive, send)
.venv/lib/python3.14/site-packages/starlette/routing.py:680: in app
    await route.handle(scope, receive, send)
.venv/lib/python3.14/site-packages/starlette/routing.py:276: in handle
    await self.app(scope, receive, send)
.venv/lib/python3.14/site-packages/fastapi/routing.py:134: in app
    await wrap_app_handling_exceptions(app, request)(scope, receive, send)
.venv/lib/python3.14/site-packages/starlette/_exception_handler.py:53: in wrapped_app
    raise exc
.venv/lib/python3.14/site-packages/starlette/_exception_handler.py:42: in wrapped_app
    await app(scope, receive, sender)
.venv/lib/python3.14/site-packages/fastapi/routing.py:120: in app
    response = await f(request)
               ^^^^^^^^^^^^^^^^
.venv/lib/python3.14/site-packages/fastapi/routing.py:674: in app
    raw_response = await run_endpoint_function(
.venv/lib/python3.14/site-packages/fastapi/routing.py:328: in run_endpoint_function
    return await dependant.call(**values)
           ^^^^^^^^^^^^^^^^^^^^^^^^^^^^^^
backend/main.py:97: in submit_lead
    process_lead_task.delay(lead_id, lead.model_dump(mode="json"))
.venv/lib/python3.14/site-packages/celery/app/task.py:444: in delay
    return self.apply_async(args, kwargs)
           ^^^^^^^^^^^^^^^^^^^^^^^^^^^^^^
.venv/lib/python3.14/site-packages/celery/app/task.py:594: in apply_async
    return app.send_task(
.venv/lib/python3.14/site-packages/celery/app/base.py:798: in send_task
    with P.connection._reraise_as_library_errors():
         ^^^^^^^^^^^^^^^^^^^^^^^^^^^^^^^^^^^^^^^^^
/opt/homebrew/Cellar/python@3.14/3.14.4/Frameworks/Python.framework/Versions/3.14/lib/python3.14/contextlib.py:162: in __exit__
    self.gen.throw(value)
_ _ _ _ _ _ _ _ _ _ _ _ _ _ _ _ _ _ _ _ _ _ _ _ _ _ _ _ _ _ _ _ _ _ _ _ _ _ _ _ 

self = <Connection: redis://localhost:6379/0 at 0x110c07620>
ConnectionError = <class 'kombu.exceptions.OperationalError'>
ChannelError = <class 'kombu.exceptions.OperationalError'>

    @contextmanager
    def _reraise_as_library_errors(
            self,
            ConnectionError=exceptions.OperationalError,
            ChannelError=exceptions.OperationalError):
        try:
            yield
        except (ConnectionError, ChannelError):
            raise
        except self.recoverable_connection_errors as exc:
>           raise ConnectionError(str(exc)) from exc
E           kombu.exceptions.OperationalError: Error 61 connecting to localhost:6379. Connection refused.

.venv/lib/python3.14/site-packages/kombu/connection.py:478: OperationalError
----------------------------- Captured stdout call -----------------------------

--- Testing Feature 4: Rate Limiting ---
------------------------------ Captured log call -------------------------------
ERROR    celery.backends.redis:redis.py:391 Connection to Redis lost: Retry (0/20) now.
ERROR    celery.backends.redis:redis.py:391 Connection to Redis lost: Retry (1/20) in 1.00 second.
ERROR    celery.backends.redis:redis.py:391 Connection to Redis lost: Retry (2/20) in 1.00 second.
ERROR    celery.backends.redis:redis.py:391 Connection to Redis lost: Retry (3/20) in 1.00 second.
ERROR    celery.backends.redis:redis.py:391 Connection to Redis lost: Retry (4/20) in 1.00 second.
ERROR    celery.backends.redis:redis.py:391 Connection to Redis lost: Retry (5/20) in 1.00 second.
ERROR    celery.backends.redis:redis.py:391 Connection to Redis lost: Retry (6/20) in 1.00 second.
ERROR    celery.backends.redis:redis.py:391 Connection to Redis lost: Retry (7/20) in 1.00 second.
ERROR    celery.backends.redis:redis.py:391 Connection to Redis lost: Retry (8/20) in 1.00 second.
ERROR    celery.backends.redis:redis.py:391 Connection to Redis lost: Retry (9/20) in 1.00 second.
ERROR    celery.backends.redis:redis.py:391 Connection to Redis lost: Retry (10/20) in 1.00 second.
ERROR    celery.backends.redis:redis.py:391 Connection to Redis lost: Retry (11/20) in 1.00 second.
ERROR    celery.backends.redis:redis.py:391 Connection to Redis lost: Retry (12/20) in 1.00 second.
ERROR    celery.backends.redis:redis.py:391 Connection to Redis lost: Retry (13/20) in 1.00 second.
ERROR    celery.backends.redis:redis.py:391 Connection to Redis lost: Retry (14/20) in 1.00 second.
ERROR    celery.backends.redis:redis.py:391 Connection to Redis lost: Retry (15/20) in 1.00 second.
ERROR    celery.backends.redis:redis.py:391 Connection to Redis lost: Retry (16/20) in 1.00 second.
ERROR    celery.backends.redis:redis.py:391 Connection to Redis lost: Retry (17/20) in 1.00 second.
ERROR    celery.backends.redis:redis.py:391 Connection to Redis lost: Retry (18/20) in 1.00 second.
ERROR    celery.backends.redis:redis.py:391 Connection to Redis lost: Retry (19/20) in 1.00 second.
CRITICAL celery.backends.redis:redis.py:132 
Retry limit exceeded while trying to reconnect to the Celery redis result store backend. The Celery application must be restarted.
_____________________________ test_pipeline_and_db _____________________________

self = <redis.connection.Connection(host=localhost,port=6379,db=0)>
check_health = True, retry_socket_connect = False

    def connect_check_health(
        self, check_health: bool = True, retry_socket_connect: bool = True
    ):
        if self._sock:
            return
        # Track actual retry attempts for error reporting
        actual_retry_attempts = [0]
    
        def failure_callback(error, failure_count):
            actual_retry_attempts[0] = failure_count
            self.disconnect(error=error, failure_count=failure_count)
    
        try:
            if retry_socket_connect:
                sock = self.retry.call_with_retry(
                    self._connect,
                    failure_callback,
                    with_failure_count=True,
                )
            else:
>               sock = self._connect()
                       ^^^^^^^^^^^^^^^

.venv/lib/python3.14/site-packages/redis/connection.py:1003: 
_ _ _ _ _ _ _ _ _ _ _ _ _ _ _ _ _ _ _ _ _ _ _ _ _ _ _ _ _ _ _ _ _ _ _ _ _ _ _ _ 
.venv/lib/python3.14/site-packages/redis/connection.py:1515: in _connect
    raise err
_ _ _ _ _ _ _ _ _ _ _ _ _ _ _ _ _ _ _ _ _ _ _ _ _ _ _ _ _ _ _ _ _ _ _ _ _ _ _ _ 

self = <redis.connection.Connection(host=localhost,port=6379,db=0)>

    def _connect(self):
        "Create a TCP socket connection"
        # we want to mimic what socket.create_connection does to support
        # ipv4/ipv6, but we want to set options prior to calling
        # socket.connect()
        err = None
    
        for res in socket.getaddrinfo(
            self.host, self.port, self.socket_type, socket.SOCK_STREAM
        ):
            family, socktype, proto, canonname, socket_address = res
            sock = None
            try:
                sock = socket.socket(family, socktype, proto)
                # TCP_NODELAY
                sock.setsockopt(socket.IPPROTO_TCP, socket.TCP_NODELAY, 1)
    
                # TCP_KEEPALIVE
                if self.socket_keepalive:
                    sock.setsockopt(socket.SOL_SOCKET, socket.SO_KEEPALIVE, 1)
                    for k, v in self.socket_keepalive_options.items():
                        sock.setsockopt(socket.IPPROTO_TCP, k, v)
    
                # set the socket_connect_timeout before we connect
                sock.settimeout(self.socket_connect_timeout)
    
                # connect
>               sock.connect(socket_address)
E               ConnectionRefusedError: [Errno 61] Connection refused

.venv/lib/python3.14/site-packages/redis/connection.py:1499: ConnectionRefusedError

During handling of the above exception, another exception occurred:

self = <celery.backends.redis.ResultConsumer object at 0x110d82e90>

    @contextmanager
    def reconnect_on_error(self):
        try:
>           yield

.venv/lib/python3.14/site-packages/celery/backends/redis.py:127: 
_ _ _ _ _ _ _ _ _ _ _ _ _ _ _ _ _ _ _ _ _ _ _ _ _ _ _ _ _ _ _ _ _ _ _ _ _ _ _ _ 
.venv/lib/python3.14/site-packages/celery/backends/redis.py:177: in _consume_from
    self._pubsub.subscribe(key)
.venv/lib/python3.14/site-packages/redis/client.py:1265: in subscribe
    ret_val = self.execute_command("SUBSCRIBE", *new_channels.keys())
              ^^^^^^^^^^^^^^^^^^^^^^^^^^^^^^^^^^^^^^^^^^^^^^^^^^^^^^^
.venv/lib/python3.14/site-packages/redis/client.py:1023: in execute_command
    self.connection = self.connection_pool.get_connection()
                      ^^^^^^^^^^^^^^^^^^^^^^^^^^^^^^^^^^^^^
.venv/lib/python3.14/site-packages/redis/utils.py:236: in wrapper
    return func(*args, **kwargs)
           ^^^^^^^^^^^^^^^^^^^^^
.venv/lib/python3.14/site-packages/redis/connection.py:3041: in get_connection
    connection.connect()
.venv/lib/python3.14/site-packages/redis/connection.py:976: in connect
    self.retry.call_with_retry(
.venv/lib/python3.14/site-packages/redis/retry.py:132: in call_with_retry
    raise error
.venv/lib/python3.14/site-packages/redis/retry.py:120: in call_with_retry
    return do()
           ^^^^
.venv/lib/python3.14/site-packages/redis/connection.py:977: in <lambda>
    lambda: self.connect_check_health(
_ _ _ _ _ _ _ _ _ _ _ _ _ _ _ _ _ _ _ _ _ _ _ _ _ _ _ _ _ _ _ _ _ _ _ _ _ _ _ _ 

self = <redis.connection.Connection(host=localhost,port=6379,db=0)>
check_health = True, retry_socket_connect = False

    def connect_check_health(
        self, check_health: bool = True, retry_socket_connect: bool = True
    ):
        if self._sock:
            return
        # Track actual retry attempts for error reporting
        actual_retry_attempts = [0]
    
        def failure_callback(error, failure_count):
            actual_retry_attempts[0] = failure_count
            self.disconnect(error=error, failure_count=failure_count)
    
        try:
            if retry_socket_connect:
                sock = self.retry.call_with_retry(
                    self._connect,
                    failure_callback,
                    with_failure_count=True,
                )
            else:
                sock = self._connect()
        except socket.timeout:
            e = TimeoutError("Timeout connecting to server")
            record_error_count(
                server_address=self.host,
                server_port=self.port,
                network_peer_address=self.host,
                network_peer_port=self.port,
                error_type=e,
                retry_attempts=actual_retry_attempts[0],
            )
            raise e
        except OSError as e:
            e = ConnectionError(self._error_message(e))
            record_error_count(
                server_address=getattr(self, "host", None),
                server_port=getattr(self, "port", None),
                network_peer_address=getattr(self, "host", None),
                network_peer_port=getattr(self, "port", None),
                error_type=e,
                retry_attempts=actual_retry_attempts[0],
            )
>           raise e
E           redis.exceptions.ConnectionError: Error 61 connecting to localhost:6379. Connection refused.

.venv/lib/python3.14/site-packages/redis/connection.py:1025: ConnectionError

During handling of the above exception, another exception occurred:

self = <redis.connection.Connection(host=localhost,port=6379,db=0)>
check_health = True, retry_socket_connect = False

    def connect_check_health(
        self, check_health: bool = True, retry_socket_connect: bool = True
    ):
        if self._sock:
            return
        # Track actual retry attempts for error reporting
        actual_retry_attempts = [0]
    
        def failure_callback(error, failure_count):
            actual_retry_attempts[0] = failure_count
            self.disconnect(error=error, failure_count=failure_count)
    
        try:
            if retry_socket_connect:
                sock = self.retry.call_with_retry(
                    self._connect,
                    failure_callback,
                    with_failure_count=True,
                )
            else:
>               sock = self._connect()
                       ^^^^^^^^^^^^^^^

.venv/lib/python3.14/site-packages/redis/connection.py:1003: 
_ _ _ _ _ _ _ _ _ _ _ _ _ _ _ _ _ _ _ _ _ _ _ _ _ _ _ _ _ _ _ _ _ _ _ _ _ _ _ _ 
.venv/lib/python3.14/site-packages/redis/connection.py:1515: in _connect
    raise err
_ _ _ _ _ _ _ _ _ _ _ _ _ _ _ _ _ _ _ _ _ _ _ _ _ _ _ _ _ _ _ _ _ _ _ _ _ _ _ _ 

self = <redis.connection.Connection(host=localhost,port=6379,db=0)>

    def _connect(self):
        "Create a TCP socket connection"
        # we want to mimic what socket.create_connection does to support
        # ipv4/ipv6, but we want to set options prior to calling
        # socket.connect()
        err = None
    
        for res in socket.getaddrinfo(
            self.host, self.port, self.socket_type, socket.SOCK_STREAM
        ):
            family, socktype, proto, canonname, socket_address = res
            sock = None
            try:
                sock = socket.socket(family, socktype, proto)
                # TCP_NODELAY
                sock.setsockopt(socket.IPPROTO_TCP, socket.TCP_NODELAY, 1)
    
                # TCP_KEEPALIVE
                if self.socket_keepalive:
                    sock.setsockopt(socket.SOL_SOCKET, socket.SO_KEEPALIVE, 1)
                    for k, v in self.socket_keepalive_options.items():
                        sock.setsockopt(socket.IPPROTO_TCP, k, v)
    
                # set the socket_connect_timeout before we connect
                sock.settimeout(self.socket_connect_timeout)
    
                # connect
>               sock.connect(socket_address)
E               ConnectionRefusedError: [Errno 61] Connection refused

.venv/lib/python3.14/site-packages/redis/connection.py:1499: ConnectionRefusedError

During handling of the above exception, another exception occurred:

self = <Connection: redis://localhost:6379/0 at 0x110c07620>
ConnectionError = <class 'kombu.exceptions.OperationalError'>
ChannelError = <class 'kombu.exceptions.OperationalError'>

    @contextmanager
    def _reraise_as_library_errors(
            self,
            ConnectionError=exceptions.OperationalError,
            ChannelError=exceptions.OperationalError):
        try:
>           yield

.venv/lib/python3.14/site-packages/kombu/connection.py:474: 
_ _ _ _ _ _ _ _ _ _ _ _ _ _ _ _ _ _ _ _ _ _ _ _ _ _ _ _ _ _ _ _ _ _ _ _ _ _ _ _ 
.venv/lib/python3.14/site-packages/celery/app/base.py:800: in send_task
    self.backend.on_task_call(P, task_id)
.venv/lib/python3.14/site-packages/celery/backends/redis.py:373: in on_task_call
    self.result_consumer.consume_from(task_id)
.venv/lib/python3.14/site-packages/celery/backends/redis.py:169: in consume_from
    return self.start(task_id)
           ^^^^^^^^^^^^^^^^^^^
.venv/lib/python3.14/site-packages/celery/backends/redis.py:147: in start
    self._consume_from(initial_task_id)
.venv/lib/python3.14/site-packages/celery/backends/redis.py:176: in _consume_from
    with self.reconnect_on_error():
         ^^^^^^^^^^^^^^^^^^^^^^^^^
/opt/homebrew/Cellar/python@3.14/3.14.4/Frameworks/Python.framework/Versions/3.14/lib/python3.14/contextlib.py:162: in __exit__
    self.gen.throw(value)
.venv/lib/python3.14/site-packages/celery/backends/redis.py:130: in reconnect_on_error
    self._ensure(self._reconnect_pubsub, ())
.venv/lib/python3.14/site-packages/celery/backends/redis.py:384: in ensure
    return retry_over_time(
.venv/lib/python3.14/site-packages/kombu/utils/functional.py:318: in retry_over_time
    return fun(*args, **kwargs)
           ^^^^^^^^^^^^^^^^^^^^
.venv/lib/python3.14/site-packages/celery/backends/redis.py:106: in _reconnect_pubsub
    metas = self.backend.client.mget(self.subscribed_to)
            ^^^^^^^^^^^^^^^^^^^^^^^^^^^^^^^^^^^^^^^^^^^^
.venv/lib/python3.14/site-packages/redis/commands/core.py:2241: in mget
    return self.execute_command("MGET", *args, **options)
           ^^^^^^^^^^^^^^^^^^^^^^^^^^^^^^^^^^^^^^^^^^^^^^
.venv/lib/python3.14/site-packages/redis/client.py:716: in execute_command
    return self._execute_command(*args, **options)
           ^^^^^^^^^^^^^^^^^^^^^^^^^^^^^^^^^^^^^^^
.venv/lib/python3.14/site-packages/redis/client.py:722: in _execute_command
    conn = self.connection or pool.get_connection()
                              ^^^^^^^^^^^^^^^^^^^^^
.venv/lib/python3.14/site-packages/redis/utils.py:236: in wrapper
    return func(*args, **kwargs)
           ^^^^^^^^^^^^^^^^^^^^^
.venv/lib/python3.14/site-packages/redis/connection.py:3041: in get_connection
    connection.connect()
.venv/lib/python3.14/site-packages/redis/connection.py:976: in connect
    self.retry.call_with_retry(
.venv/lib/python3.14/site-packages/redis/retry.py:132: in call_with_retry
    raise error
.venv/lib/python3.14/site-packages/redis/retry.py:120: in call_with_retry
    return do()
           ^^^^
.venv/lib/python3.14/site-packages/redis/connection.py:977: in <lambda>
    lambda: self.connect_check_health(
_ _ _ _ _ _ _ _ _ _ _ _ _ _ _ _ _ _ _ _ _ _ _ _ _ _ _ _ _ _ _ _ _ _ _ _ _ _ _ _ 

self = <redis.connection.Connection(host=localhost,port=6379,db=0)>
check_health = True, retry_socket_connect = False

    def connect_check_health(
        self, check_health: bool = True, retry_socket_connect: bool = True
    ):
        if self._sock:
            return
        # Track actual retry attempts for error reporting
        actual_retry_attempts = [0]
    
        def failure_callback(error, failure_count):
            actual_retry_attempts[0] = failure_count
            self.disconnect(error=error, failure_count=failure_count)
    
        try:
            if retry_socket_connect:
                sock = self.retry.call_with_retry(
                    self._connect,
                    failure_callback,
                    with_failure_count=True,
                )
            else:
                sock = self._connect()
        except socket.timeout:
            e = TimeoutError("Timeout connecting to server")
            record_error_count(
                server_address=self.host,
                server_port=self.port,
                network_peer_address=self.host,
                network_peer_port=self.port,
                error_type=e,
                retry_attempts=actual_retry_attempts[0],
            )
            raise e
        except OSError as e:
            e = ConnectionError(self._error_message(e))
            record_error_count(
                server_address=getattr(self, "host", None),
                server_port=getattr(self, "port", None),
                network_peer_address=getattr(self, "host", None),
                network_peer_port=getattr(self, "port", None),
                error_type=e,
                retry_attempts=actual_retry_attempts[0],
            )
>           raise e
E           redis.exceptions.ConnectionError: Error 61 connecting to localhost:6379. Connection refused.

.venv/lib/python3.14/site-packages/redis/connection.py:1025: ConnectionError

The above exception was the direct cause of the following exception:

    def test_pipeline_and_db():
        print("\n--- Testing Features 1, 2, 3 & 5: Pipeline, Celery, Webhooks, DB, Themes ---")
    
        # Mock webhooks
        os.environ["SLACK_WEBHOOK_URL"] = "http://localhost:9999/slack"
        os.environ["CRM_WEBHOOK_URL"] = "http://localhost:9999/crm"
    
        lead_data = {
            "name": "Pipeline Tester",
            "email": "tester@example.com",
            "company": "Medical AI",
            "website": "https://example.com",
            "industry": "Healthcare", # Tests the Teal theme
            "company_size": "1",
            "message": ""
        }
    
        # Use a different IP to bypass rate limit
>       response = client.post("/api/leads", json=lead_data, headers={"X-Forwarded-For": "192.168.1.100"})
                   ^^^^^^^^^^^^^^^^^^^^^^^^^^^^^^^^^^^^^^^^^^^^^^^^^^^^^^^^^^^^^^^^^^^^^^^^^^^^^^^^^^^^^^^

backend/test_features.py:78: 
_ _ _ _ _ _ _ _ _ _ _ _ _ _ _ _ _ _ _ _ _ _ _ _ _ _ _ _ _ _ _ _ _ _ _ _ _ _ _ _ 
.venv/lib/python3.14/site-packages/starlette/testclient.py:546: in post
    return super().post(
.venv/lib/python3.14/site-packages/httpx/_client.py:1144: in post
    return self.request(
.venv/lib/python3.14/site-packages/starlette/testclient.py:445: in request
    return super().request(
.venv/lib/python3.14/site-packages/httpx/_client.py:825: in request
    return self.send(request, auth=auth, follow_redirects=follow_redirects)
           ^^^^^^^^^^^^^^^^^^^^^^^^^^^^^^^^^^^^^^^^^^^^^^^^^^^^^^^^^^^^^^^^
.venv/lib/python3.14/site-packages/httpx/_client.py:914: in send
    response = self._send_handling_auth(
.venv/lib/python3.14/site-packages/httpx/_client.py:942: in _send_handling_auth
    response = self._send_handling_redirects(
.venv/lib/python3.14/site-packages/httpx/_client.py:979: in _send_handling_redirects
    response = self._send_single_request(request)
               ^^^^^^^^^^^^^^^^^^^^^^^^^^^^^^^^^^
.venv/lib/python3.14/site-packages/httpx/_client.py:1014: in _send_single_request
    response = transport.handle_request(request)
               ^^^^^^^^^^^^^^^^^^^^^^^^^^^^^^^^^
.venv/lib/python3.14/site-packages/starlette/testclient.py:348: in handle_request
    raise exc
.venv/lib/python3.14/site-packages/starlette/testclient.py:345: in handle_request
    portal.call(self.app, scope, receive, send)
.venv/lib/python3.14/site-packages/anyio/from_thread.py:334: in call
    return cast(T_Retval, self.start_task_soon(func, *args).result())
                          ^^^^^^^^^^^^^^^^^^^^^^^^^^^^^^^^^^^^^^^^^^
/opt/homebrew/Cellar/python@3.14/3.14.4/Frameworks/Python.framework/Versions/3.14/lib/python3.14/concurrent/futures/_base.py:450: in result
    return self.__get_result()
           ^^^^^^^^^^^^^^^^^^^
/opt/homebrew/Cellar/python@3.14/3.14.4/Frameworks/Python.framework/Versions/3.14/lib/python3.14/concurrent/futures/_base.py:395: in __get_result
    raise self._exception
.venv/lib/python3.14/site-packages/anyio/from_thread.py:259: in _call_func
    retval = await retval_or_awaitable
             ^^^^^^^^^^^^^^^^^^^^^^^^^
.venv/lib/python3.14/site-packages/fastapi/applications.py:1159: in __call__
    await super().__call__(scope, receive, send)
.venv/lib/python3.14/site-packages/starlette/applications.py:90: in __call__
    await self.middleware_stack(scope, receive, send)
.venv/lib/python3.14/site-packages/starlette/middleware/errors.py:186: in __call__
    raise exc
.venv/lib/python3.14/site-packages/starlette/middleware/errors.py:164: in __call__
    await self.app(scope, receive, _send)
.venv/lib/python3.14/site-packages/starlette/middleware/cors.py:88: in __call__
    await self.app(scope, receive, send)
.venv/lib/python3.14/site-packages/starlette/middleware/exceptions.py:63: in __call__
    await wrap_app_handling_exceptions(self.app, conn)(scope, receive, send)
.venv/lib/python3.14/site-packages/starlette/_exception_handler.py:53: in wrapped_app
    raise exc
.venv/lib/python3.14/site-packages/starlette/_exception_handler.py:42: in wrapped_app
    await app(scope, receive, sender)
.venv/lib/python3.14/site-packages/fastapi/middleware/asyncexitstack.py:18: in __call__
    await self.app(scope, receive, send)
.venv/lib/python3.14/site-packages/starlette/routing.py:660: in __call__
    await self.middleware_stack(scope, receive, send)
.venv/lib/python3.14/site-packages/starlette/routing.py:680: in app
    await route.handle(scope, receive, send)
.venv/lib/python3.14/site-packages/starlette/routing.py:276: in handle
    await self.app(scope, receive, send)
.venv/lib/python3.14/site-packages/fastapi/routing.py:134: in app
    await wrap_app_handling_exceptions(app, request)(scope, receive, send)
.venv/lib/python3.14/site-packages/starlette/_exception_handler.py:53: in wrapped_app
    raise exc
.venv/lib/python3.14/site-packages/starlette/_exception_handler.py:42: in wrapped_app
    await app(scope, receive, sender)
.venv/lib/python3.14/site-packages/fastapi/routing.py:120: in app
    response = await f(request)
               ^^^^^^^^^^^^^^^^
.venv/lib/python3.14/site-packages/fastapi/routing.py:674: in app
    raw_response = await run_endpoint_function(
.venv/lib/python3.14/site-packages/fastapi/routing.py:328: in run_endpoint_function
    return await dependant.call(**values)
           ^^^^^^^^^^^^^^^^^^^^^^^^^^^^^^
backend/main.py:97: in submit_lead
    process_lead_task.delay(lead_id, lead.model_dump(mode="json"))
.venv/lib/python3.14/site-packages/celery/app/task.py:444: in delay
    return self.apply_async(args, kwargs)
           ^^^^^^^^^^^^^^^^^^^^^^^^^^^^^^
.venv/lib/python3.14/site-packages/celery/app/task.py:594: in apply_async
    return app.send_task(
.venv/lib/python3.14/site-packages/celery/app/base.py:798: in send_task
    with P.connection._reraise_as_library_errors():
         ^^^^^^^^^^^^^^^^^^^^^^^^^^^^^^^^^^^^^^^^^
/opt/homebrew/Cellar/python@3.14/3.14.4/Frameworks/Python.framework/Versions/3.14/lib/python3.14/contextlib.py:162: in __exit__
    self.gen.throw(value)
_ _ _ _ _ _ _ _ _ _ _ _ _ _ _ _ _ _ _ _ _ _ _ _ _ _ _ _ _ _ _ _ _ _ _ _ _ _ _ _ 

self = <Connection: redis://localhost:6379/0 at 0x110c07620>
ConnectionError = <class 'kombu.exceptions.OperationalError'>
ChannelError = <class 'kombu.exceptions.OperationalError'>

    @contextmanager
    def _reraise_as_library_errors(
            self,
            ConnectionError=exceptions.OperationalError,
            ChannelError=exceptions.OperationalError):
        try:
            yield
        except (ConnectionError, ChannelError):
            raise
        except self.recoverable_connection_errors as exc:
>           raise ConnectionError(str(exc)) from exc
E           kombu.exceptions.OperationalError: Error 61 connecting to localhost:6379. Connection refused.

.venv/lib/python3.14/site-packages/kombu/connection.py:478: OperationalError
----------------------------- Captured stdout call -----------------------------

--- Testing Features 1, 2, 3 & 5: Pipeline, Celery, Webhooks, DB, Themes ---
------------------------------ Captured log call -------------------------------
ERROR    celery.backends.redis:redis.py:391 Connection to Redis lost: Retry (0/20) now.
ERROR    celery.backends.redis:redis.py:391 Connection to Redis lost: Retry (1/20) in 1.00 second.
ERROR    celery.backends.redis:redis.py:391 Connection to Redis lost: Retry (2/20) in 1.00 second.
ERROR    celery.backends.redis:redis.py:391 Connection to Redis lost: Retry (3/20) in 1.00 second.
ERROR    celery.backends.redis:redis.py:391 Connection to Redis lost: Retry (4/20) in 1.00 second.
ERROR    celery.backends.redis:redis.py:391 Connection to Redis lost: Retry (5/20) in 1.00 second.
ERROR    celery.backends.redis:redis.py:391 Connection to Redis lost: Retry (6/20) in 1.00 second.
ERROR    celery.backends.redis:redis.py:391 Connection to Redis lost: Retry (7/20) in 1.00 second.
ERROR    celery.backends.redis:redis.py:391 Connection to Redis lost: Retry (8/20) in 1.00 second.
ERROR    celery.backends.redis:redis.py:391 Connection to Redis lost: Retry (9/20) in 1.00 second.
ERROR    celery.backends.redis:redis.py:391 Connection to Redis lost: Retry (10/20) in 1.00 second.
ERROR    celery.backends.redis:redis.py:391 Connection to Redis lost: Retry (11/20) in 1.00 second.
ERROR    celery.backends.redis:redis.py:391 Connection to Redis lost: Retry (12/20) in 1.00 second.
ERROR    celery.backends.redis:redis.py:391 Connection to Redis lost: Retry (13/20) in 1.00 second.
ERROR    celery.backends.redis:redis.py:391 Connection to Redis lost: Retry (14/20) in 1.00 second.
ERROR    celery.backends.redis:redis.py:391 Connection to Redis lost: Retry (15/20) in 1.00 second.
ERROR    celery.backends.redis:redis.py:391 Connection to Redis lost: Retry (16/20) in 1.00 second.
ERROR    celery.backends.redis:redis.py:391 Connection to Redis lost: Retry (17/20) in 1.00 second.
ERROR    celery.backends.redis:redis.py:391 Connection to Redis lost: Retry (18/20) in 1.00 second.
ERROR    celery.backends.redis:redis.py:391 Connection to Redis lost: Retry (19/20) in 1.00 second.
CRITICAL celery.backends.redis:redis.py:132 
Retry limit exceeded while trying to reconnect to the Celery redis result store backend. The Celery application must be restarted.
=============================== warnings summary ===============================
backend/models/errors.py:34
backend/models/errors.py:34
  /Users/sterlingsuman/.gemini/antigravity/scratch/lead-autopilot/backend/models/errors.py:34: PydanticDeprecatedSince20: Support for class-based `config` is deprecated, use ConfigDict instead. Deprecated in Pydantic V2.0 to be removed in V3.0. See Pydantic V2 Migration Guide at https://errors.pydantic.dev/2.13/migration/
    class ErrorEvent(BaseModel):

backend/test_features.py::test_rate_limiting
backend/test_features.py::test_pipeline_and_db
  /Users/sterlingsuman/.gemini/antigravity/scratch/lead-autopilot/.venv/lib/python3.14/site-packages/sqlalchemy/sql/schema.py:3624: DeprecationWarning: datetime.datetime.utcnow() is deprecated and scheduled for removal in a future version. Use timezone-aware objects to represent datetimes in UTC: datetime.datetime.now(datetime.UTC).
    return util.wrap_callable(lambda ctx: fn(), fn)  # type: ignore

-- Docs: https://docs.pytest.org/en/stable/how-to/capture-warnings.html
=========================== short test summary info ============================
FAILED backend/test_features.py::test_rate_limiting - kombu.exceptions.Operat...
FAILED backend/test_features.py::test_pipeline_and_db - kombu.exceptions.Oper...
================== 2 failed, 61 passed, 4 warnings in 40.69s ===================
